// Jest Snapshot v1, https://goo.gl/fbAQLP

exports[`App component renders a app 1`] = `<ColorList />`;
