// Jest Snapshot v1, https://goo.gl/fbAQLP

exports[`Colors component renders a colors 1`] = `
<u1>
  <li
    key="Red"
  >
    <Color
      hex="#FF0000"
      name="Red"
    />
  </li>
  <li
    key="Blue"
  >
    <Color
      hex="#0000FF"
      name="Blue"
    />
  </li>
</u1>
`;
