// Jest Snapshot v1, https://goo.gl/fbAQLP

exports[`sidebar component renders a sidebar 1`] = `
<nav
  className="Sidebar"
>
  <a
    hfref="link"
  >
    test link
  </a>
</nav>
`;
